// Jest Snapshot v1, https://goo.gl/fbAQLP

exports[`Test on EntryView must show the correct entry 1`] = `
<div class="entry-title d-flex justify-content-between p-2">
  <div><span class="text-success fs-3 fw-bold">26</span><span class="mx-1 fs-3">Marzo</span><span class="mx-2 fs-4 fw-light">2023, Domingo</span></div>
  <div><input type="file" accept="image/*" style="display: none;"><button class="btn btn-danger mx-2"> Delete <i class="fa fa-trash-alt"></i></button><button class="btn btn-primary"> Upload <i class="fa fa-upload"></i></button></div>
</div>
<hr>
<div class="d-flex flex-column px-3 h-75"><textarea placeholder="What happened today?"></textarea></div>
<!--v-if-->
<img src="https://res.cloudinary.com/dsn8cnadp/image/upload/v1679864883/curso-vue/hfedsy8zfyp5lxulkk9a.jpg" alt="entry-picture" class="img-thumbnail">
<fab-stub icon="fa-save"></fab-stub>
`;
